# Changelog

All notable changes to this project will be documented in this file.

The format is based on [Keep a Changelog](https://keepachangelog.com/en/1.0.0/), and this project adheres to [Semantic Versioning](https://semver.org/spec/v2.0.0.html).
## [1.0.11]

### Added

    - Added something 11

## [1.0.9]

### Added

    - Added something 9

## [1.0.1]

### Added

    - Added something


